2.113873660564422607e-01
-2.113836407661437988e-01
