6.000000238418579102e-01
8.640000224113464355e-01
1.000000014901161194e-01
0.000000000000000000e+00
1.000000000000000000e+00
0.000000000000000000e+00
