-4.497269690036773682e-01
-1.469459652900695801e+00
-1.195799946784973145e+00
-7.647855281829833984e-01
