1.122960150241851807e-01
-5.350901484489440918e-01
-9.237933754920959473e-01
8.411369472742080688e-02
